Traceback (most recent call last):
  File "C:\Users\Admin\Documents\Dylan\python\PlanarForge\test_pvrz_load.py", line 37, in <module>
    print(f"\u2713 Successfully loaded INVENTOR texture: {len(texture)} bytes")
    ~~~~~^^^^^^^^^^^^^^^^^^^^^^^^^^^^^^^^^^^^^^^^^^^^^^^^^^^^^^^^^^^^^^^^^
  File "C:\Users\Admin\AppData\Local\Programs\Python\Python314\Lib\encodings\cp1252.py", line 19, in encode
    return codecs.charmap_encode(input,self.errors,encoding_table)[0]
           ~~~~~~~~~~~~~~~~~~~~~^^^^^^^^^^^^^^^^^^^^^^^^^^^^^^^^^^
UnicodeEncodeError: 'charmap' codec can't encode character '\u2713' in position 0: character maps to <undefined>

During handling of the above exception, another exception occurred:

Traceback (most recent call last):
  File "C:\Users\Admin\Documents\Dylan\python\PlanarForge\test_pvrz_load.py", line 42, in <module>
    print(f"\u2717 Error loading INVENTOR: {e}")
    ~~~~~^^^^^^^^^^^^^^^^^^^^^^^^^^^^^^^^^^
  File "C:\Users\Admin\AppData\Local\Programs\Python\Python314\Lib\encodings\cp1252.py", line 19, in encode
    return codecs.charmap_encode(input,self.errors,encoding_table)[0]
           ~~~~~~~~~~~~~~~~~~~~~^^^^^^^^^^^^^^^^^^^^^^^^^^^^^^^^^^
UnicodeEncodeError: 'charmap' codec can't encode character '\u2717' in position 0: character maps to <undefined>
Selected game: BG2EE

=== Loading INVENTOR MOS ===
[MOS LOADER] INVENTOR: V2=True, blocks=10, 864x710
[MOS LOADER] INVENTOR is PVRZ V2, attempting PVRTC decode...
[PVRZ LOADER] Found MOS0180, loading...
[PVRZ LOADER] Loaded MOS0180, 85616 bytes
[PVRZ LOADER] zlib from offset 0 failed: Error -3 while decompressing data: incorrect header check
[PVRZ LOADER] Decompressed from offset 4: 262196 bytes
[PVRZ DEBUG] Page 180 first 16 bytes: 50 56 52 03 00 00 00 00 0b 00 00 00 00 00 00 00
[PVRZ DEBUG] As magic=0x03525650, or as HH: h=22096, w=850
[PVRZ PARSE] Inferred dims: 1448x724 (marker=0x03, pixel_data=262184 bytes)
[PVRZ LOADER] Found MOS0000, loading...
[PVRZ LOADER] Loaded MOS0000, 67034 bytes
[PVRZ LOADER] zlib from offset 0 failed: Error -3 while decompressing data: incorrect header check
[PVRZ LOADER] Decompressed from offset 4: 262196 bytes
[PVRZ DEBUG] Page 0 first 16 bytes: 50 56 52 03 00 00 00 00 0b 00 00 00 00 00 00 00
[PVRZ DEBUG] As magic=0x03525650, or as HH: h=22096, w=850
[PVRZ PARSE] Inferred dims: 1448x724 (marker=0x03, pixel_data=262184 bytes)
[PVRZ LOADER] MOS0512 not found in KEY
[PVRZ LOADER] Found MOS0001, loading...
[PVRZ LOADER] Loaded MOS0001, 60383 bytes
[PVRZ LOADER] zlib from offset 0 failed: Error -3 while decompressing data: incorrect header check
[PVRZ LOADER] Decompressed from offset 4: 262196 bytes
[PVRZ DEBUG] Page 1 first 16 bytes: 50 56 52 03 00 00 00 00 0b 00 00 00 00 00 00 00
[PVRZ DEBUG] As magic=0x03525650, or as HH: h=22096, w=850
[PVRZ PARSE] Inferred dims: 1448x724 (marker=0x03, pixel_data=262184 bytes)
[PVRZ LOADER] Found MOS0096, loading...
[PVRZ LOADER] Loaded MOS0096, 36970 bytes
[PVRZ LOADER] zlib from offset 0 failed: Error -3 while decompressing data: incorrect header check
[PVRZ LOADER] Decompressed from offset 4: 262196 bytes
[PVRZ DEBUG] Page 96 first 16 bytes: 50 56 52 03 00 00 00 00 0b 00 00 00 00 00 00 00
[PVRZ DEBUG] As magic=0x03525650, or as HH: h=22096, w=850
[PVRZ PARSE] Inferred dims: 1448x724 (marker=0x03, pixel_data=262184 bytes)
[PVRZ LOADER] Found MOS0099, loading...
[PVRZ LOADER] Loaded MOS0099, 42526 bytes
[PVRZ LOADER] zlib from offset 0 failed: Error -3 while decompressing data: incorrect header check
[PVRZ LOADER] Decompressed from offset 4: 262196 bytes
[PVRZ DEBUG] Page 99 first 16 bytes: 50 56 52 03 00 00 00 00 0b 00 00 00 00 00 00 00
[PVRZ DEBUG] As magic=0x03525650, or as HH: h=22096, w=850
[PVRZ PARSE] Inferred dims: 1448x724 (marker=0x03, pixel_data=262184 bytes)
[PVRZ LOADER] Found MOS0181, loading...
[PVRZ LOADER] Loaded MOS0181, 374804 bytes
[PVRZ LOADER] zlib from offset 0 failed: Error -3 while decompressing data: incorrect header check
[PVRZ LOADER] Decompressed from offset 4: 1048628 bytes
[PVRZ DEBUG] Page 181 first 16 bytes: 50 56 52 03 00 00 00 00 0b 00 00 00 00 00 00 00
[PVRZ DEBUG] As magic=0x03525650, or as HH: h=22096, w=850
[PVRZ PARSE] Inferred dims: 2896x1448 (marker=0x03, pixel_data=1048616 bytes)
[PVRZ LOADER] MOS0768 not found in KEY
[PVRZ LOADER] Found MOS0032, loading...
[PVRZ LOADER] Loaded MOS0032, 85200 bytes
[PVRZ LOADER] zlib from offset 0 failed: Error -3 while decompressing data: incorrect header check
[PVRZ LOADER] Decompressed from offset 4: 262196 bytes
[PVRZ DEBUG] Page 32 first 16 bytes: 50 56 52 03 00 00 00 00 0b 00 00 00 00 00 00 00
[PVRZ DEBUG] As magic=0x03525650, or as HH: h=22096, w=850
[PVRZ PARSE] Inferred dims: 1448x724 (marker=0x03, pixel_data=262184 bytes)
[MOS PVRZ] Failed to decode any blocks (10 attempted)
[MOS LOADER] INVENTOR PVRZ decode failed, using placeholder
Failed to set up test: 'charmap' codec can't encode character '\u2717' in position 0: character maps to <undefined>

=== Done ===
